../Core/Src/main.c:70:6:HAL_GPIO_EXTI_Callback	16	static
../Core/Src/main.c:82:6:HAL_TIM_PeriodElapsedCallback	16	static
../Core/Src/main.c:88:6:myDelay	16	static
../Core/Src/main.c:98:5:__io_putchar	16	static
../Core/Src/main.c:110:5:main	16	static
../Core/Src/main.c:186:6:SystemClock_Config	88	static
../Core/Src/main.c:233:13:MX_TIM2_Init	64	static
../Core/Src/main.c:292:13:MX_TIM3_Init	32	static
../Core/Src/main.c:337:13:MX_TIM5_Init	32	static
../Core/Src/main.c:382:13:MX_USART2_UART_Init	8	static
../Core/Src/main.c:415:13:MX_GPIO_Init	48	static
../Core/Src/main.c:449:6:Error_Handler	4	static,ignoring_inline_asm
